// Jest Snapshot v1, https://goo.gl/fbAQLP

exports[`APITokenForm form render unchanged 1`] = `
<DocumentFragment>
  <div
    class="MuiBox-root css-j7qwjs"
  >
    <form
      class="MuiBox-root css-mjj15b"
    >
      <div
        class="MuiDialogContent-root css-1pn2u1k-MuiDialogContent-root"
      >
        <div
          class="MuiBox-root css-128pg9j"
        >
          User ID:
        </div>
        <div
          class="MuiBox-root css-19idom"
        />
        <div
          class="MuiBox-root css-128pg9j"
        >
          API Token:
        </div>
        <div
          class="MuiBox-root css-19idom"
        />
        <div
          class="MuiBox-root css-178yklu"
        >
          <div
            class="MuiPaper-root MuiPaper-elevation MuiPaper-rounded MuiPaper-elevation0 MuiAlert-root MuiAlert-standardError MuiAlert-standard css-nygxxl-MuiPaper-root-MuiAlert-root"
            role="alert"
          >
            <div
              class="MuiAlert-icon css-1ytlwq5-MuiAlert-icon"
            >
              <svg
                aria-hidden="true"
                class="MuiSvgIcon-root MuiSvgIcon-fontSizeInherit css-17ii7u1-MuiSvgIcon-root"
                data-testid="ErrorOutlineIcon"
                focusable="false"
                viewBox="0 0 24 24"
              >
                <path
                  d="M11 15h2v2h-2zm0-8h2v6h-2zm.99-5C6.47 2 2 6.48 2 12s4.47 10 9.99 10C17.52 22 22 17.52 22 12S17.52 2 11.99 2zM12 20c-4.42 0-8-3.58-8-8s3.58-8 8-8 8 3.58 8 8-3.58 8-8 8z"
                />
              </svg>
            </div>
            <div
              class="MuiAlert-message css-acap47-MuiAlert-message"
            >
              Changing your token will impact any existing API integrations. Please make sure you update your API integrations with your new token.
            </div>
          </div>
        </div>
      </div>
      <div
        class="MuiDialogActions-root MuiDialogActions-spacing css-snbeu5-MuiDialogActions-root"
      >
        <button
          class="MuiButton-root MuiButton-text MuiButton-textPrimary MuiButton-sizeMedium MuiButton-textSizeMedium MuiButtonBase-root  css-7kx4b6-MuiButtonBase-root-MuiButton-root"
          tabindex="0"
          type="button"
        >
          Cancel
          <span
            class="MuiTouchRipple-root css-8je8zh-MuiTouchRipple-root"
          />
        </button>
        <button
          class="MuiButton-root MuiButton-text MuiButton-textPrimary MuiButton-sizeMedium MuiButton-textSizeMedium MuiButtonBase-root  css-18croe1-MuiButtonBase-root-MuiButton-root"
          tabindex="0"
          type="submit"
        >
          Refresh Token
          <span
            class="MuiTouchRipple-root css-8je8zh-MuiTouchRipple-root"
          />
        </button>
      </div>
    </form>
  </div>
</DocumentFragment>
`;
