// Jest Snapshot v1, https://goo.gl/fbAQLP

exports[`AppForm form render unchanged 1`] = `
<DocumentFragment>
  <div
    class="MuiBox-root css-s92abg"
  >
    <div
      class="MuiBox-root css-70qvj9"
    >
      <div
        class="MuiBox-root css-1isemmb"
      >
        <button
          class="MuiButtonBase-root MuiIconButton-root MuiIconButton-sizeLarge css-mf1cb5-MuiButtonBase-root-MuiIconButton-root"
          tabindex="0"
          type="button"
        >
          <svg
            aria-hidden="true"
            class="MuiSvgIcon-root MuiSvgIcon-fontSizeMedium css-erxxaa-MuiSvgIcon-root"
            data-testid="CloseIcon"
            focusable="false"
            viewBox="0 0 24 24"
          >
            <path
              d="M19 6.41 17.59 5 12 10.59 6.41 5 5 6.41 10.59 12 5 17.59 6.41 19 12 13.41 17.59 19 19 17.59 13.41 12z"
            />
          </svg>
          <span
            class="MuiTouchRipple-root css-8je8zh-MuiTouchRipple-root"
          />
        </button>
      </div>
      <div
        class="MuiBox-root css-uix0gv"
      >
        mock form
      </div>
    </div>
    <hr
      class="MuiDivider-root MuiDivider-fullWidth css-9mgopn-MuiDivider-root"
    />
    <div
      class="MuiBox-root css-yn9cjk"
    >
      <div
        class="MuiBox-root css-1676va5"
      >
        <form
          class="MuiBox-root css-mjj15b"
        >
          <div
            class="MuiFormControl-root MuiTextField-root DialogFormField css-1u3bzj6-MuiFormControl-root-MuiTextField-root"
          >
            <label
              class="MuiInputLabel-root MuiInputLabel-formControl MuiInputLabel-animated MuiInputLabel-standard MuiFormLabel-root MuiFormLabel-colorPrimary Mui-required css-a6y1oi-MuiFormLabel-root-MuiInputLabel-root"
              data-shrink="false"
            >
              Domain
              <span
                aria-hidden="true"
                class="MuiInputLabel-asterisk MuiFormLabel-asterisk css-b4y4zd-MuiFormLabel-asterisk"
              >
                 *
              </span>
            </label>
            <div
              class="MuiInput-root MuiInput-underline MuiInputBase-root MuiInputBase-colorPrimary MuiInputBase-formControl css-1ejkwvn-MuiInputBase-root-MuiInput-root"
            >
              <input
                aria-invalid="false"
                autocomplete="off"
                class="MuiInput-input MuiInputBase-input css-1x51dt5-MuiInputBase-input-MuiInput-input"
                name="domain"
                required=""
                type="text"
                value=""
              />
            </div>
          </div>
          <label
            class="MuiFormControlLabel-root MuiFormControlLabel-labelPlacementEnd css-18yztu3-MuiFormControlLabel-root"
          >
            <span
              class="MuiCheckbox-root MuiCheckbox-colorPrimary MuiButtonBase-root MuiCheckbox-root MuiCheckbox-colorPrimary PrivateSwitchBase-root Mui-checked css-esq4az-MuiButtonBase-root-MuiCheckbox-root"
            >
              <input
                checked=""
                class="PrivateSwitchBase-input css-1m9pwf3"
                data-indeterminate="false"
                name="useDomainName"
                type="checkbox"
              />
              <svg
                aria-hidden="true"
                class="MuiSvgIcon-root MuiSvgIcon-fontSizeMedium css-erxxaa-MuiSvgIcon-root"
                data-testid="CheckBoxIcon"
                focusable="false"
                viewBox="0 0 24 24"
              >
                <path
                  d="M19 3H5c-1.11 0-2 .9-2 2v14c0 1.1.89 2 2 2h14c1.11 0 2-.9 2-2V5c0-1.1-.89-2-2-2zm-9 14l-5-5 1.41-1.41L10 14.17l7.59-7.59L19 8l-9 9z"
                />
              </svg>
              <span
                class="MuiTouchRipple-root css-8je8zh-MuiTouchRipple-root"
              />
            </span>
            <span
              class="MuiTypography-root MuiTypography-body1 MuiFormControlLabel-label css-13p0dqt-MuiTypography-root"
            >
              Use domain as Application name
            </span>
          </label>
          <label
            class="MuiFormControlLabel-root MuiFormControlLabel-labelPlacementEnd DialogFormField css-fbaq5x-MuiFormControlLabel-root"
          >
            <span
              class="MuiCheckbox-root MuiCheckbox-colorPrimary MuiButtonBase-root MuiCheckbox-root MuiCheckbox-colorPrimary PrivateSwitchBase-root Mui-checked css-esq4az-MuiButtonBase-root-MuiCheckbox-root"
            >
              <input
                checked=""
                class="PrivateSwitchBase-input css-1m9pwf3"
                data-indeterminate="false"
                name="analyticsEnabled"
                type="checkbox"
              />
              <svg
                aria-hidden="true"
                class="MuiSvgIcon-root MuiSvgIcon-fontSizeMedium css-erxxaa-MuiSvgIcon-root"
                data-testid="CheckBoxIcon"
                focusable="false"
                viewBox="0 0 24 24"
              >
                <path
                  d="M19 3H5c-1.11 0-2 .9-2 2v14c0 1.1.89 2 2 2h14c1.11 0 2-.9 2-2V5c0-1.1-.89-2-2-2zm-9 14l-5-5 1.41-1.41L10 14.17l7.59-7.59L19 8l-9 9z"
                />
              </svg>
              <span
                class="MuiTouchRipple-root css-8je8zh-MuiTouchRipple-root"
              />
            </span>
            <span
              class="MuiTypography-root MuiTypography-body1 MuiFormControlLabel-label css-13p0dqt-MuiTypography-root"
            >
              Enable Analytics
            </span>
          </label>
          <small
            class="DialogFormField MuiBox-root css-mnf576"
          >
            Enable simple analytics dashboard when using Tag Manager. We recommend this option is left enabled.
          </small>
          <label
            class="MuiFormControlLabel-root MuiFormControlLabel-labelPlacementEnd DialogFormField css-fbaq5x-MuiFormControlLabel-root"
          >
            <span
              class="MuiCheckbox-root MuiCheckbox-colorPrimary MuiButtonBase-root MuiCheckbox-root MuiCheckbox-colorPrimary PrivateSwitchBase-root Mui-checked css-esq4az-MuiButtonBase-root-MuiCheckbox-root"
            >
              <input
                checked=""
                class="PrivateSwitchBase-input css-1m9pwf3"
                data-indeterminate="false"
                name="errorTrackingEnabled"
                type="checkbox"
              />
              <svg
                aria-hidden="true"
                class="MuiSvgIcon-root MuiSvgIcon-fontSizeMedium css-erxxaa-MuiSvgIcon-root"
                data-testid="CheckBoxIcon"
                focusable="false"
                viewBox="0 0 24 24"
              >
                <path
                  d="M19 3H5c-1.11 0-2 .9-2 2v14c0 1.1.89 2 2 2h14c1.11 0 2-.9 2-2V5c0-1.1-.89-2-2-2zm-9 14l-5-5 1.41-1.41L10 14.17l7.59-7.59L19 8l-9 9z"
                />
              </svg>
              <span
                class="MuiTouchRipple-root css-8je8zh-MuiTouchRipple-root"
              />
            </span>
            <span
              class="MuiTypography-root MuiTypography-body1 MuiFormControlLabel-label css-13p0dqt-MuiTypography-root"
            >
              Enable Error Tracking
            </span>
          </label>
          <small
            class="DialogFormField MuiBox-root css-mnf576"
          >
            Enable basic website and mobile website application errors directly in the dashboard. If you are using another service you may wish to disable this option.
          </small>
          <div
            class="MuiFormControl-root DialogFormField css-1nrlq1o-MuiFormControl-root"
          >
            <label
              class="MuiInputLabel-root MuiInputLabel-formControl MuiInputLabel-animated MuiInputLabel-shrink MuiInputLabel-standard MuiFormLabel-root MuiFormLabel-colorPrimary MuiFormLabel-filled Mui-required css-1oyovms-MuiFormLabel-root-MuiInputLabel-root"
              data-shrink="true"
            >
              Storage Provider
              <span
                aria-hidden="true"
                class="MuiInputLabel-asterisk MuiFormLabel-asterisk css-b4y4zd-MuiFormLabel-asterisk"
              >
                 *
              </span>
            </label>
            <div
              class="MuiInput-root MuiInput-underline MuiInputBase-root MuiInputBase-colorPrimary MuiInputBase-formControl MuiSelect-root css-1ejkwvn-MuiInputBase-root-MuiInput-root"
            >
              <div
                aria-expanded="false"
                aria-haspopup="listbox"
                aria-labelledby="mui-component-select-storageProvider"
                class="MuiSelect-select MuiSelect-standard MuiInput-input MuiInputBase-input css-1rxz5jq-MuiSelect-select-MuiInputBase-input-MuiInput-input"
                id="mui-component-select-storageProvider"
                role="button"
                tabindex="0"
              >
                Amazon Kinesis
              </div>
              <input
                aria-hidden="true"
                class="MuiSelect-nativeInput css-yf8vq0-MuiSelect-nativeInput"
                name="storageProvider"
                required=""
                tabindex="-1"
                value="AWS_KINESIS"
              />
              <svg
                aria-hidden="true"
                class="MuiSvgIcon-root MuiSvgIcon-fontSizeMedium MuiSelect-icon MuiSelect-iconStandard css-yqkyv6-MuiSvgIcon-root-MuiSelect-icon"
                data-testid="ArrowDropDownIcon"
                focusable="false"
                viewBox="0 0 24 24"
              >
                <path
                  d="M7 10l5 5 5-5z"
                />
              </svg>
            </div>
          </div>
          <div
            class="MuiPaper-root MuiPaper-elevation MuiPaper-elevation0 MuiAlert-root MuiAlert-standardInfo MuiAlert-standard DialogFormField css-1sd9cqf-MuiPaper-root-MuiAlert-root"
            role="alert"
          >
            <div
              class="MuiAlert-icon css-1ytlwq5-MuiAlert-icon"
            >
              <svg
                aria-hidden="true"
                class="MuiSvgIcon-root MuiSvgIcon-fontSizeInherit css-17ii7u1-MuiSvgIcon-root"
                data-testid="InfoOutlinedIcon"
                focusable="false"
                viewBox="0 0 24 24"
              >
                <path
                  d="M11,9H13V7H11M12,20C7.59,20 4,16.41 4,12C4,7.59 7.59,4 12,4C16.41,4 20,7.59 20, 12C20,16.41 16.41,20 12,20M12,2A10,10 0 0,0 2,12A10,10 0 0,0 12,22A10,10 0 0,0 22,12A10, 10 0 0,0 12,2M11,17H13V11H11V17Z"
                />
              </svg>
            </div>
            <div
              class="MuiAlert-message css-acap47-MuiAlert-message"
            >
              Your analytics and error data will be sent to your chosen storage provider. MongoDB is a great solution for very low traffic websites and doesn't require any configuration unless you wish to specify your own MongoDB servers. We strongly recommend using BigQuery or Clickhouse for larger websites.
            </div>
          </div>
          <div
            class="MuiBox-root css-17ck9e8"
          >
            <div
              class="MuiBox-root css-79elbk"
            >
              <div
                class="MuiBox-root css-rxw2ex"
              >
                AWS Kinesis Storage Config
              </div>
            </div>
            <div
              class="MuiFormControl-root MuiTextField-root DialogFormField css-1u3bzj6-MuiFormControl-root-MuiTextField-root"
            >
              <label
                class="MuiInputLabel-root MuiInputLabel-formControl MuiInputLabel-animated MuiInputLabel-standard MuiFormLabel-root MuiFormLabel-colorPrimary Mui-required css-a6y1oi-MuiFormLabel-root-MuiInputLabel-root"
                data-shrink="false"
              >
                Stream Name
                <span
                  aria-hidden="true"
                  class="MuiInputLabel-asterisk MuiFormLabel-asterisk css-b4y4zd-MuiFormLabel-asterisk"
                >
                   *
                </span>
              </label>
              <div
                class="MuiInput-root MuiInput-underline MuiInputBase-root MuiInputBase-colorPrimary MuiInputBase-formControl css-1ejkwvn-MuiInputBase-root-MuiInput-root"
              >
                <input
                  aria-invalid="false"
                  autocomplete="off"
                  class="MuiInput-input MuiInputBase-input css-1x51dt5-MuiInputBase-input-MuiInput-input"
                  name="streamName"
                  required=""
                  type="text"
                  value=""
                />
              </div>
            </div>
            <div
              class="MuiFormControl-root MuiTextField-root DialogFormField css-1u3bzj6-MuiFormControl-root-MuiTextField-root"
            >
              <label
                class="MuiInputLabel-root MuiInputLabel-formControl MuiInputLabel-animated MuiInputLabel-standard MuiFormLabel-root MuiFormLabel-colorPrimary Mui-required css-a6y1oi-MuiFormLabel-root-MuiInputLabel-root"
                data-shrink="false"
              >
                Access Key Id
                <span
                  aria-hidden="true"
                  class="MuiInputLabel-asterisk MuiFormLabel-asterisk css-b4y4zd-MuiFormLabel-asterisk"
                >
                   *
                </span>
              </label>
              <div
                class="MuiInput-root MuiInput-underline MuiInputBase-root MuiInputBase-colorPrimary MuiInputBase-formControl css-1ejkwvn-MuiInputBase-root-MuiInput-root"
              >
                <input
                  aria-invalid="false"
                  autocomplete="off"
                  class="MuiInput-input MuiInputBase-input css-1x51dt5-MuiInputBase-input-MuiInput-input"
                  name="accessKeyId"
                  required=""
                  type="text"
                  value=""
                />
              </div>
            </div>
            <div
              class="MuiFormControl-root MuiTextField-root DialogFormField css-1u3bzj6-MuiFormControl-root-MuiTextField-root"
            >
              <label
                class="MuiInputLabel-root MuiInputLabel-formControl MuiInputLabel-animated MuiInputLabel-standard MuiFormLabel-root MuiFormLabel-colorPrimary Mui-required css-a6y1oi-MuiFormLabel-root-MuiInputLabel-root"
                data-shrink="false"
              >
                Secret Access Key
                <span
                  aria-hidden="true"
                  class="MuiInputLabel-asterisk MuiFormLabel-asterisk css-b4y4zd-MuiFormLabel-asterisk"
                >
                   *
                </span>
              </label>
              <div
                class="MuiInput-root MuiInput-underline MuiInputBase-root MuiInputBase-colorPrimary MuiInputBase-formControl css-1ejkwvn-MuiInputBase-root-MuiInput-root"
              >
                <input
                  aria-invalid="false"
                  autocomplete="off"
                  class="MuiInput-input MuiInputBase-input css-1x51dt5-MuiInputBase-input-MuiInput-input"
                  name="secretAccessKey"
                  required=""
                  type="text"
                  value=""
                />
              </div>
            </div>
            <div
              class="MuiFormControl-root DialogFormField css-1nrlq1o-MuiFormControl-root"
            >
              <label
                class="MuiInputLabel-root MuiInputLabel-formControl MuiInputLabel-animated MuiInputLabel-standard MuiFormLabel-root MuiFormLabel-colorPrimary Mui-required css-a6y1oi-MuiFormLabel-root-MuiInputLabel-root"
                data-shrink="false"
              >
                Region
                <span
                  aria-hidden="true"
                  class="MuiInputLabel-asterisk MuiFormLabel-asterisk css-b4y4zd-MuiFormLabel-asterisk"
                >
                   *
                </span>
              </label>
              <div
                class="MuiInput-root MuiInput-underline MuiInputBase-root MuiInputBase-colorPrimary MuiInputBase-formControl MuiSelect-root css-1ejkwvn-MuiInputBase-root-MuiInput-root"
              >
                <div
                  aria-expanded="false"
                  aria-haspopup="listbox"
                  aria-labelledby="mui-component-select-region"
                  class="MuiSelect-select MuiSelect-standard MuiInput-input MuiInputBase-input css-1rxz5jq-MuiSelect-select-MuiInputBase-input-MuiInput-input"
                  id="mui-component-select-region"
                  role="button"
                  tabindex="0"
                >
                  <span
                    class="notranslate"
                  >
                    ​
                  </span>
                </div>
                <input
                  aria-hidden="true"
                  class="MuiSelect-nativeInput css-yf8vq0-MuiSelect-nativeInput"
                  name="region"
                  required=""
                  tabindex="-1"
                  value=""
                />
                <svg
                  aria-hidden="true"
                  class="MuiSvgIcon-root MuiSvgIcon-fontSizeMedium MuiSelect-icon MuiSelect-iconStandard css-yqkyv6-MuiSvgIcon-root-MuiSelect-icon"
                  data-testid="ArrowDropDownIcon"
                  focusable="false"
                  viewBox="0 0 24 24"
                >
                  <path
                    d="M7 10l5 5 5-5z"
                  />
                </svg>
              </div>
            </div>
          </div>
          <div
            class="MuiBox-root css-wpygli"
          >
            <button
              class="MuiButton-root MuiButton-contained MuiButton-containedPrimary MuiButton-sizeMedium MuiButton-containedSizeMedium MuiButtonBase-root css-xcbv7o-MuiButtonBase-root-MuiButton-root"
              tabindex="0"
              type="submit"
            >
              <span
                class="MuiTouchRipple-root css-8je8zh-MuiTouchRipple-root"
              />
            </button>
          </div>
        </form>
      </div>
    </div>
  </div>
</DocumentFragment>
`;
