// Jest Snapshot v1, https://goo.gl/fbAQLP

exports[`AppPlatformForm form render unchanged 1`] = `
<DocumentFragment>
  <div
    class="MuiBox-root css-s92abg"
  >
    <div
      class="MuiBox-root css-70qvj9"
    >
      <div
        class="MuiBox-root css-1isemmb"
      >
        <button
          class="MuiButtonBase-root MuiIconButton-root MuiIconButton-sizeLarge css-mf1cb5-MuiButtonBase-root-MuiIconButton-root"
          tabindex="0"
          type="button"
        >
          <svg
            aria-hidden="true"
            class="MuiSvgIcon-root MuiSvgIcon-fontSizeMedium css-erxxaa-MuiSvgIcon-root"
            data-testid="CloseIcon"
            focusable="false"
            viewBox="0 0 24 24"
          >
            <path
              d="M19 6.41 17.59 5 12 10.59 6.41 5 5 6.41 10.59 12 5 17.59 6.41 19 12 13.41 17.59 19 19 17.59 13.41 12z"
            />
          </svg>
          <span
            class="MuiTouchRipple-root css-8je8zh-MuiTouchRipple-root"
          />
        </button>
      </div>
      <div
        class="MuiBox-root css-uix0gv"
      >
        mock form
      </div>
    </div>
    <hr
      class="MuiDivider-root MuiDivider-fullWidth css-9mgopn-MuiDivider-root"
    />
    <div
      class="MuiBox-root css-yn9cjk"
    >
      <div
        class="MuiBox-root css-1676va5"
      >
        <form
          class="MuiBox-root css-mjj15b"
        >
          <div
            class="MuiFormControl-root DialogFormField css-1nrlq1o-MuiFormControl-root"
          >
            <label
              class="MuiInputLabel-root MuiInputLabel-formControl MuiInputLabel-animated MuiInputLabel-standard MuiFormLabel-root MuiFormLabel-colorPrimary Mui-required css-a6y1oi-MuiFormLabel-root-MuiInputLabel-root"
              data-shrink="false"
            >
              Platform
              <span
                aria-hidden="true"
                class="MuiInputLabel-asterisk MuiFormLabel-asterisk css-b4y4zd-MuiFormLabel-asterisk"
              >
                 *
              </span>
            </label>
            <div
              class="MuiInput-root MuiInput-underline MuiInputBase-root MuiInputBase-colorPrimary MuiInputBase-formControl MuiSelect-root css-1ejkwvn-MuiInputBase-root-MuiInput-root"
            >
              <div
                aria-expanded="false"
                aria-haspopup="listbox"
                aria-labelledby="mui-component-select-platformId"
                class="MuiSelect-select MuiSelect-standard MuiInput-input MuiInputBase-input css-1rxz5jq-MuiSelect-select-MuiInputBase-input-MuiInput-input"
                id="mui-component-select-platformId"
                role="button"
                tabindex="0"
              >
                <span
                  class="notranslate"
                >
                  ​
                </span>
              </div>
              <input
                aria-hidden="true"
                class="MuiSelect-nativeInput css-yf8vq0-MuiSelect-nativeInput"
                name="platformId"
                required=""
                tabindex="-1"
                value=""
              />
              <svg
                aria-hidden="true"
                class="MuiSvgIcon-root MuiSvgIcon-fontSizeMedium MuiSelect-icon MuiSelect-iconStandard css-yqkyv6-MuiSvgIcon-root-MuiSelect-icon"
                data-testid="ArrowDropDownIcon"
                focusable="false"
                viewBox="0 0 24 24"
              >
                <path
                  d="M7 10l5 5 5-5z"
                />
              </svg>
            </div>
          </div>
          <div
            class="MuiBox-root css-wpygli"
          >
            <button
              class="MuiButton-root MuiButton-contained MuiButton-containedPrimary MuiButton-sizeMedium MuiButton-containedSizeMedium MuiButtonBase-root css-xcbv7o-MuiButtonBase-root-MuiButton-root"
              tabindex="0"
              type="submit"
            >
              <span
                class="MuiTouchRipple-root css-8je8zh-MuiTouchRipple-root"
              />
            </button>
          </div>
        </form>
      </div>
    </div>
  </div>
</DocumentFragment>
`;
