// Jest Snapshot v1, https://goo.gl/fbAQLP

exports[`AppRevisionDeployForm form render unchanged 1`] = `
<DocumentFragment>
  <div
    class="MuiBox-root css-1r24ujm"
  >
    <form
      class="MuiBox-root css-mjj15b"
    >
      <div
        class="MuiDialogContent-root css-ypiqx9-MuiDialogContent-root"
      >
        <small>
          Already deployed to all available environments.
        </small>
      </div>
      <div
        class="MuiDialogActions-root MuiDialogActions-spacing css-snbeu5-MuiDialogActions-root"
      >
        <button
          class="MuiButton-root MuiButton-text MuiButton-textPrimary MuiButton-sizeMedium MuiButton-textSizeMedium MuiButtonBase-root  css-7kx4b6-MuiButtonBase-root-MuiButton-root"
          tabindex="0"
          type="button"
        >
          Cancel
          <span
            class="MuiTouchRipple-root css-8je8zh-MuiTouchRipple-root"
          />
        </button>
      </div>
    </form>
  </div>
</DocumentFragment>
`;
