// Jest Snapshot v1, https://goo.gl/fbAQLP

exports[`ChangePasswordForm form render unchanged 1`] = `
<DocumentFragment>
  <div
    class="MuiBox-root css-j7qwjs"
  >
    <form
      class="MuiBox-root css-mjj15b"
    >
      <div
        class="MuiDialogContent-root css-5o4y7a-MuiDialogContent-root"
      >
        <div
          class="MuiFormControl-root MuiTextField-root DialogFormField css-1u3bzj6-MuiFormControl-root-MuiTextField-root"
        >
          <label
            class="MuiInputLabel-root MuiInputLabel-formControl MuiInputLabel-animated MuiInputLabel-shrink MuiInputLabel-standard MuiFormLabel-root MuiFormLabel-colorPrimary Mui-focused Mui-required css-1oyovms-MuiFormLabel-root-MuiInputLabel-root"
            data-shrink="true"
            for="mui-1"
            id="mui-1-label"
          >
            Old Password
            <span
              aria-hidden="true"
              class="MuiInputLabel-asterisk MuiFormLabel-asterisk css-b4y4zd-MuiFormLabel-asterisk"
            >
               *
            </span>
          </label>
          <div
            class="MuiInput-root MuiInput-underline MuiInputBase-root MuiInputBase-colorPrimary Mui-focused MuiInputBase-formControl MuiInputBase-adornedEnd css-1v2pam7-MuiInputBase-root-MuiInput-root"
          >
            <input
              aria-invalid="false"
              autocomplete="password"
              class="MuiInput-input MuiInputBase-input MuiInputBase-inputAdornedEnd css-1x51dt5-MuiInputBase-input-MuiInput-input"
              id="mui-1"
              name="oldPassword"
              required=""
              type="password"
              value=""
            />
            <div
              class="MuiInputAdornment-root MuiInputAdornment-positionEnd MuiInputAdornment-standard MuiInputAdornment-sizeMedium css-1laqsz7-MuiInputAdornment-root"
            >
              <button
                aria-label="toggle password visibility"
                class="MuiButtonBase-root MuiIconButton-root MuiIconButton-sizeLarge css-mf1cb5-MuiButtonBase-root-MuiIconButton-root"
                tabindex="0"
                type="button"
              >
                <svg
                  aria-hidden="true"
                  class="MuiSvgIcon-root MuiSvgIcon-fontSizeMedium css-erxxaa-MuiSvgIcon-root"
                  data-testid="ClearIcon"
                  focusable="false"
                  viewBox="0 0 24 24"
                >
                  <path
                    d="M19 6.41 17.59 5 12 10.59 6.41 5 5 6.41 10.59 12 5 17.59 6.41 19 12 13.41 17.59 19 19 17.59 13.41 12z"
                  />
                </svg>
                <span
                  class="MuiTouchRipple-root css-8je8zh-MuiTouchRipple-root"
                />
              </button>
            </div>
          </div>
        </div>
        <div
          class="MuiFormControl-root MuiTextField-root DialogFormField css-1u3bzj6-MuiFormControl-root-MuiTextField-root"
        >
          <label
            class="MuiInputLabel-root MuiInputLabel-formControl MuiInputLabel-animated MuiInputLabel-standard MuiFormLabel-root MuiFormLabel-colorPrimary Mui-required css-a6y1oi-MuiFormLabel-root-MuiInputLabel-root"
            data-shrink="false"
            for="mui-2"
            id="mui-2-label"
          >
            New Password
            <span
              aria-hidden="true"
              class="MuiInputLabel-asterisk MuiFormLabel-asterisk css-b4y4zd-MuiFormLabel-asterisk"
            >
               *
            </span>
          </label>
          <div
            class="MuiInput-root MuiInput-underline MuiInputBase-root MuiInputBase-colorPrimary MuiInputBase-formControl MuiInputBase-adornedEnd css-1v2pam7-MuiInputBase-root-MuiInput-root"
          >
            <input
              aria-invalid="false"
              autocomplete="new-password"
              class="MuiInput-input MuiInputBase-input MuiInputBase-inputAdornedEnd css-1x51dt5-MuiInputBase-input-MuiInput-input"
              id="mui-2"
              name="newPassword"
              required=""
              type="password"
              value=""
            />
            <div
              class="MuiInputAdornment-root MuiInputAdornment-positionEnd MuiInputAdornment-standard MuiInputAdornment-sizeMedium css-1laqsz7-MuiInputAdornment-root"
            >
              <button
                aria-label="toggle password visibility"
                class="MuiButtonBase-root MuiIconButton-root MuiIconButton-sizeLarge css-mf1cb5-MuiButtonBase-root-MuiIconButton-root"
                tabindex="0"
                type="button"
              >
                <svg
                  aria-hidden="true"
                  class="MuiSvgIcon-root MuiSvgIcon-fontSizeMedium css-erxxaa-MuiSvgIcon-root"
                  data-testid="ClearIcon"
                  focusable="false"
                  viewBox="0 0 24 24"
                >
                  <path
                    d="M19 6.41 17.59 5 12 10.59 6.41 5 5 6.41 10.59 12 5 17.59 6.41 19 12 13.41 17.59 19 19 17.59 13.41 12z"
                  />
                </svg>
                <span
                  class="MuiTouchRipple-root css-8je8zh-MuiTouchRipple-root"
                />
              </button>
            </div>
          </div>
        </div>
        <div
          class="MuiFormControl-root MuiTextField-root DialogFormField css-1u3bzj6-MuiFormControl-root-MuiTextField-root"
        >
          <label
            class="MuiInputLabel-root MuiInputLabel-formControl MuiInputLabel-animated MuiInputLabel-standard MuiFormLabel-root MuiFormLabel-colorPrimary Mui-required css-a6y1oi-MuiFormLabel-root-MuiInputLabel-root"
            data-shrink="false"
            for="mui-3"
            id="mui-3-label"
          >
            Confirm New Password
            <span
              aria-hidden="true"
              class="MuiInputLabel-asterisk MuiFormLabel-asterisk css-b4y4zd-MuiFormLabel-asterisk"
            >
               *
            </span>
          </label>
          <div
            class="MuiInput-root MuiInput-underline MuiInputBase-root MuiInputBase-colorPrimary MuiInputBase-formControl MuiInputBase-adornedEnd css-1v2pam7-MuiInputBase-root-MuiInput-root"
          >
            <input
              aria-invalid="false"
              autocomplete="new-password"
              class="MuiInput-input MuiInputBase-input MuiInputBase-inputAdornedEnd css-1x51dt5-MuiInputBase-input-MuiInput-input"
              id="mui-3"
              name="newPasswordConfirm"
              required=""
              type="password"
              value=""
            />
            <div
              class="MuiInputAdornment-root MuiInputAdornment-positionEnd MuiInputAdornment-standard MuiInputAdornment-sizeMedium css-1laqsz7-MuiInputAdornment-root"
            >
              <button
                aria-label="toggle password visibility"
                class="MuiButtonBase-root MuiIconButton-root MuiIconButton-sizeLarge css-mf1cb5-MuiButtonBase-root-MuiIconButton-root"
                tabindex="0"
                type="button"
              >
                <svg
                  aria-hidden="true"
                  class="MuiSvgIcon-root MuiSvgIcon-fontSizeMedium css-erxxaa-MuiSvgIcon-root"
                  data-testid="ClearIcon"
                  focusable="false"
                  viewBox="0 0 24 24"
                >
                  <path
                    d="M19 6.41 17.59 5 12 10.59 6.41 5 5 6.41 10.59 12 5 17.59 6.41 19 12 13.41 17.59 19 19 17.59 13.41 12z"
                  />
                </svg>
                <span
                  class="MuiTouchRipple-root css-8je8zh-MuiTouchRipple-root"
                />
              </button>
            </div>
          </div>
        </div>
      </div>
      <div
        class="MuiDialogActions-root MuiDialogActions-spacing css-snbeu5-MuiDialogActions-root"
      >
        <button
          class="MuiButton-root MuiButton-text MuiButton-textPrimary MuiButton-sizeMedium MuiButton-textSizeMedium MuiButtonBase-root  css-7kx4b6-MuiButtonBase-root-MuiButton-root"
          tabindex="0"
          type="button"
        >
          Cancel
          <span
            class="MuiTouchRipple-root css-8je8zh-MuiTouchRipple-root"
          />
        </button>
      </div>
    </form>
  </div>
</DocumentFragment>
`;
