// Jest Snapshot v1, https://goo.gl/fbAQLP

exports[`OrgTransferOwnershipForm form render unchanged 1`] = `
<DocumentFragment>
  <div
    class="MuiBox-root css-1lie6sz"
  >
    <form
      class="MuiBox-root css-mjj15b"
    >
      <div
        class="MuiDialogContent-root css-ypiqx9-MuiDialogContent-root"
      >
        <div
          class="MuiFormControl-root DialogFormField css-1nrlq1o-MuiFormControl-root"
        >
          <label
            class="MuiInputLabel-root MuiInputLabel-formControl MuiInputLabel-animated MuiInputLabel-standard MuiFormLabel-root MuiFormLabel-colorPrimary Mui-required css-a6y1oi-MuiFormLabel-root-MuiInputLabel-root"
            data-shrink="false"
          >
            New Owner
            <span
              aria-hidden="true"
              class="MuiInputLabel-asterisk MuiFormLabel-asterisk css-b4y4zd-MuiFormLabel-asterisk"
            >
               *
            </span>
          </label>
          <div
            class="MuiInput-root MuiInput-underline MuiInputBase-root MuiInputBase-colorPrimary MuiInputBase-formControl MuiSelect-root css-1ejkwvn-MuiInputBase-root-MuiInput-root"
          >
            <div
              aria-expanded="false"
              aria-haspopup="listbox"
              aria-labelledby="mui-component-select-userId"
              class="MuiSelect-select MuiSelect-standard MuiInput-input MuiInputBase-input css-1rxz5jq-MuiSelect-select-MuiInputBase-input-MuiInput-input"
              id="mui-component-select-userId"
              role="button"
              tabindex="0"
            >
              <span
                class="notranslate"
              >
                ​
              </span>
            </div>
            <input
              aria-hidden="true"
              class="MuiSelect-nativeInput css-yf8vq0-MuiSelect-nativeInput"
              name="userId"
              required=""
              tabindex="-1"
              value=""
            />
            <svg
              aria-hidden="true"
              class="MuiSvgIcon-root MuiSvgIcon-fontSizeMedium MuiSelect-icon MuiSelect-iconStandard css-yqkyv6-MuiSvgIcon-root-MuiSelect-icon"
              data-testid="ArrowDropDownIcon"
              focusable="false"
              viewBox="0 0 24 24"
            >
              <path
                d="M7 10l5 5 5-5z"
              />
            </svg>
          </div>
        </div>
      </div>
      <div
        class="MuiDialogActions-root MuiDialogActions-spacing css-snbeu5-MuiDialogActions-root"
      >
        <button
          class="MuiButton-root MuiButton-text MuiButton-textPrimary MuiButton-sizeMedium MuiButton-textSizeMedium MuiButtonBase-root css-7kx4b6-MuiButtonBase-root-MuiButton-root"
          tabindex="0"
          type="button"
        >
          Cancel
          <span
            class="MuiTouchRipple-root css-8je8zh-MuiTouchRipple-root"
          />
        </button>
      </div>
    </form>
  </div>
</DocumentFragment>
`;
