// Jest Snapshot v1, https://goo.gl/fbAQLP

exports[`OrgUserAddForm form render unchanged 1`] = `
<DocumentFragment>
  <div
    class="MuiBox-root css-s92abg"
  >
    <div
      class="MuiBox-root css-70qvj9"
    >
      <div
        class="MuiBox-root css-1isemmb"
      >
        <button
          class="MuiButtonBase-root MuiIconButton-root MuiIconButton-sizeLarge css-mf1cb5-MuiButtonBase-root-MuiIconButton-root"
          tabindex="0"
          type="button"
        >
          <svg
            aria-hidden="true"
            class="MuiSvgIcon-root MuiSvgIcon-fontSizeMedium css-erxxaa-MuiSvgIcon-root"
            data-testid="CloseIcon"
            focusable="false"
            viewBox="0 0 24 24"
          >
            <path
              d="M19 6.41 17.59 5 12 10.59 6.41 5 5 6.41 10.59 12 5 17.59 6.41 19 12 13.41 17.59 19 19 17.59 13.41 12z"
            />
          </svg>
          <span
            class="MuiTouchRipple-root css-8je8zh-MuiTouchRipple-root"
          />
        </button>
      </div>
      <div
        class="MuiBox-root css-uix0gv"
      >
        mock form
      </div>
    </div>
    <hr
      class="MuiDivider-root MuiDivider-fullWidth css-9mgopn-MuiDivider-root"
    />
    <div
      class="MuiBox-root css-yn9cjk"
    >
      <div
        class="MuiBox-root css-1676va5"
      >
        <form
          class="MuiBox-root css-mjj15b"
        >
          <div
            class="MuiFormControl-root MuiFormControl-fullWidth MuiTextField-root DialogFormField css-wb57ya-MuiFormControl-root-MuiTextField-root"
          >
            <label
              class="MuiInputLabel-root MuiInputLabel-formControl MuiInputLabel-animated MuiInputLabel-standard MuiFormLabel-root MuiFormLabel-colorPrimary Mui-required css-a6y1oi-MuiFormLabel-root-MuiInputLabel-root"
              data-shrink="false"
              for="mui-1"
              id="mui-1-label"
            >
              First Name
              <span
                aria-hidden="true"
                class="MuiInputLabel-asterisk MuiFormLabel-asterisk css-b4y4zd-MuiFormLabel-asterisk"
              >
                 *
              </span>
            </label>
            <div
              class="MuiInput-root MuiInput-underline MuiInputBase-root MuiInputBase-colorPrimary MuiInputBase-fullWidth MuiInputBase-formControl MuiInputBase-adornedEnd css-styb2u-MuiInputBase-root-MuiInput-root"
            >
              <input
                aria-invalid="false"
                autocomplete="off"
                class="MuiInput-input MuiInputBase-input MuiInputBase-inputAdornedEnd css-1x51dt5-MuiInputBase-input-MuiInput-input"
                id="mui-1"
                name="firstName"
                required=""
                type="text"
                value=""
              />
              <div
                class="MuiInputAdornment-root MuiInputAdornment-positionEnd MuiInputAdornment-standard MuiInputAdornment-sizeMedium css-1laqsz7-MuiInputAdornment-root"
              >
                <button
                  aria-label="toggle password visibility"
                  class="MuiButtonBase-root MuiIconButton-root MuiIconButton-sizeLarge css-mf1cb5-MuiButtonBase-root-MuiIconButton-root"
                  tabindex="0"
                  type="button"
                >
                  <svg
                    aria-hidden="true"
                    class="MuiSvgIcon-root MuiSvgIcon-fontSizeMedium css-erxxaa-MuiSvgIcon-root"
                    data-testid="ClearIcon"
                    focusable="false"
                    viewBox="0 0 24 24"
                  >
                    <path
                      d="M19 6.41 17.59 5 12 10.59 6.41 5 5 6.41 10.59 12 5 17.59 6.41 19 12 13.41 17.59 19 19 17.59 13.41 12z"
                    />
                  </svg>
                  <span
                    class="MuiTouchRipple-root css-8je8zh-MuiTouchRipple-root"
                  />
                </button>
              </div>
            </div>
          </div>
          <div
            class="MuiFormControl-root MuiFormControl-fullWidth MuiTextField-root DialogFormField css-wb57ya-MuiFormControl-root-MuiTextField-root"
          >
            <label
              class="MuiInputLabel-root MuiInputLabel-formControl MuiInputLabel-animated MuiInputLabel-standard MuiFormLabel-root MuiFormLabel-colorPrimary Mui-required css-a6y1oi-MuiFormLabel-root-MuiInputLabel-root"
              data-shrink="false"
              for="mui-2"
              id="mui-2-label"
            >
              Last Name
              <span
                aria-hidden="true"
                class="MuiInputLabel-asterisk MuiFormLabel-asterisk css-b4y4zd-MuiFormLabel-asterisk"
              >
                 *
              </span>
            </label>
            <div
              class="MuiInput-root MuiInput-underline MuiInputBase-root MuiInputBase-colorPrimary MuiInputBase-fullWidth MuiInputBase-formControl MuiInputBase-adornedEnd css-styb2u-MuiInputBase-root-MuiInput-root"
            >
              <input
                aria-invalid="false"
                autocomplete="off"
                class="MuiInput-input MuiInputBase-input MuiInputBase-inputAdornedEnd css-1x51dt5-MuiInputBase-input-MuiInput-input"
                id="mui-2"
                name="lastName"
                required=""
                type="text"
                value=""
              />
              <div
                class="MuiInputAdornment-root MuiInputAdornment-positionEnd MuiInputAdornment-standard MuiInputAdornment-sizeMedium css-1laqsz7-MuiInputAdornment-root"
              >
                <button
                  aria-label="toggle password visibility"
                  class="MuiButtonBase-root MuiIconButton-root MuiIconButton-sizeLarge css-mf1cb5-MuiButtonBase-root-MuiIconButton-root"
                  tabindex="0"
                  type="button"
                >
                  <svg
                    aria-hidden="true"
                    class="MuiSvgIcon-root MuiSvgIcon-fontSizeMedium css-erxxaa-MuiSvgIcon-root"
                    data-testid="ClearIcon"
                    focusable="false"
                    viewBox="0 0 24 24"
                  >
                    <path
                      d="M19 6.41 17.59 5 12 10.59 6.41 5 5 6.41 10.59 12 5 17.59 6.41 19 12 13.41 17.59 19 19 17.59 13.41 12z"
                    />
                  </svg>
                  <span
                    class="MuiTouchRipple-root css-8je8zh-MuiTouchRipple-root"
                  />
                </button>
              </div>
            </div>
          </div>
          <div
            class="MuiFormControl-root MuiTextField-root DialogFormField css-1u3bzj6-MuiFormControl-root-MuiTextField-root"
          >
            <label
              class="MuiInputLabel-root MuiInputLabel-formControl MuiInputLabel-animated MuiInputLabel-standard MuiFormLabel-root MuiFormLabel-colorPrimary Mui-required css-a6y1oi-MuiFormLabel-root-MuiInputLabel-root"
              data-shrink="false"
              for="mui-3"
              id="mui-3-label"
            >
              Email
              <span
                aria-hidden="true"
                class="MuiInputLabel-asterisk MuiFormLabel-asterisk css-b4y4zd-MuiFormLabel-asterisk"
              >
                 *
              </span>
            </label>
            <div
              class="MuiInput-root MuiInput-underline MuiInputBase-root MuiInputBase-colorPrimary MuiInputBase-formControl MuiInputBase-adornedEnd css-1v2pam7-MuiInputBase-root-MuiInput-root"
            >
              <input
                aria-invalid="false"
                autocomplete="off"
                class="MuiInput-input MuiInputBase-input MuiInputBase-inputAdornedEnd css-1x51dt5-MuiInputBase-input-MuiInput-input"
                id="mui-3"
                name="email"
                required=""
                type="text"
                value=""
              />
              <div
                class="MuiInputAdornment-root MuiInputAdornment-positionEnd MuiInputAdornment-standard MuiInputAdornment-sizeMedium css-1laqsz7-MuiInputAdornment-root"
              >
                <button
                  aria-label="toggle password visibility"
                  class="MuiButtonBase-root MuiIconButton-root MuiIconButton-sizeLarge css-mf1cb5-MuiButtonBase-root-MuiIconButton-root"
                  tabindex="0"
                  type="button"
                >
                  <svg
                    aria-hidden="true"
                    class="MuiSvgIcon-root MuiSvgIcon-fontSizeMedium css-erxxaa-MuiSvgIcon-root"
                    data-testid="ClearIcon"
                    focusable="false"
                    viewBox="0 0 24 24"
                  >
                    <path
                      d="M19 6.41 17.59 5 12 10.59 6.41 5 5 6.41 10.59 12 5 17.59 6.41 19 12 13.41 17.59 19 19 17.59 13.41 12z"
                    />
                  </svg>
                  <span
                    class="MuiTouchRipple-root css-8je8zh-MuiTouchRipple-root"
                  />
                </button>
              </div>
            </div>
          </div>
          <div
            class="MuiBox-root css-l763sf"
          >
            <div
              class="MuiBox-root css-tet811"
            >
              User Permissions
            </div>
            <fieldset
              class="MuiFormControl-root css-1nrlq1o-MuiFormControl-root"
            >
              <div
                class="MuiFormGroup-root css-dmmspl-MuiFormGroup-root"
              >
                <label
                  class="MuiFormControlLabel-root Mui-disabled MuiFormControlLabel-labelPlacementEnd css-j204z7-MuiFormControlLabel-root"
                >
                  <span
                    class="MuiSwitch-root MuiSwitch-sizeMedium css-julti5-MuiSwitch-root"
                  >
                    <span
                      aria-disabled="true"
                      class="MuiSwitch-switchBase MuiSwitch-colorPrimary Mui-checked Mui-disabled MuiButtonBase-root Mui-disabled MuiSwitch-switchBase MuiSwitch-colorPrimary Mui-checked Mui-disabled PrivateSwitchBase-root Mui-checked Mui-disabled css-z5i0yo-MuiButtonBase-root-MuiSwitch-switchBase"
                      tabindex="-1"
                    >
                      <input
                        checked=""
                        class="MuiSwitch-input PrivateSwitchBase-input css-1m9pwf3"
                        disabled=""
                        name="permissionsCanView"
                        type="checkbox"
                      />
                      <span
                        class="MuiSwitch-thumb css-jsexje-MuiSwitch-thumb"
                      />
                    </span>
                    <span
                      class="MuiSwitch-track css-1yjjitx-MuiSwitch-track"
                    />
                  </span>
                  <span
                    class="MuiTypography-root MuiTypography-body1 MuiFormControlLabel-label Mui-disabled css-13p0dqt-MuiTypography-root"
                  >
                    Can View
                  </span>
                </label>
                <label
                  class="MuiFormControlLabel-root MuiFormControlLabel-labelPlacementEnd css-j204z7-MuiFormControlLabel-root"
                >
                  <span
                    class="MuiSwitch-root MuiSwitch-sizeMedium css-julti5-MuiSwitch-root"
                  >
                    <span
                      class="MuiSwitch-switchBase MuiSwitch-colorPrimary MuiButtonBase-root MuiSwitch-switchBase MuiSwitch-colorPrimary PrivateSwitchBase-root css-z5i0yo-MuiButtonBase-root-MuiSwitch-switchBase"
                    >
                      <input
                        class="MuiSwitch-input PrivateSwitchBase-input css-1m9pwf3"
                        name="permissionsCanCreate"
                        type="checkbox"
                      />
                      <span
                        class="MuiSwitch-thumb css-jsexje-MuiSwitch-thumb"
                      />
                      <span
                        class="MuiTouchRipple-root css-8je8zh-MuiTouchRipple-root"
                      />
                    </span>
                    <span
                      class="MuiSwitch-track css-1yjjitx-MuiSwitch-track"
                    />
                  </span>
                  <span
                    class="MuiTypography-root MuiTypography-body1 MuiFormControlLabel-label css-13p0dqt-MuiTypography-root"
                  >
                    Can Create
                  </span>
                </label>
                <label
                  class="MuiFormControlLabel-root MuiFormControlLabel-labelPlacementEnd css-j204z7-MuiFormControlLabel-root"
                >
                  <span
                    class="MuiSwitch-root MuiSwitch-sizeMedium css-julti5-MuiSwitch-root"
                  >
                    <span
                      class="MuiSwitch-switchBase MuiSwitch-colorPrimary MuiButtonBase-root MuiSwitch-switchBase MuiSwitch-colorPrimary PrivateSwitchBase-root css-z5i0yo-MuiButtonBase-root-MuiSwitch-switchBase"
                    >
                      <input
                        class="MuiSwitch-input PrivateSwitchBase-input css-1m9pwf3"
                        name="permissionsCanEdit"
                        type="checkbox"
                      />
                      <span
                        class="MuiSwitch-thumb css-jsexje-MuiSwitch-thumb"
                      />
                      <span
                        class="MuiTouchRipple-root css-8je8zh-MuiTouchRipple-root"
                      />
                    </span>
                    <span
                      class="MuiSwitch-track css-1yjjitx-MuiSwitch-track"
                    />
                  </span>
                  <span
                    class="MuiTypography-root MuiTypography-body1 MuiFormControlLabel-label css-13p0dqt-MuiTypography-root"
                  >
                    Can Edit
                  </span>
                </label>
                <label
                  class="MuiFormControlLabel-root MuiFormControlLabel-labelPlacementEnd css-j204z7-MuiFormControlLabel-root"
                >
                  <span
                    class="MuiSwitch-root MuiSwitch-sizeMedium css-julti5-MuiSwitch-root"
                  >
                    <span
                      class="MuiSwitch-switchBase MuiSwitch-colorPrimary MuiButtonBase-root MuiSwitch-switchBase MuiSwitch-colorPrimary PrivateSwitchBase-root css-z5i0yo-MuiButtonBase-root-MuiSwitch-switchBase"
                    >
                      <input
                        class="MuiSwitch-input PrivateSwitchBase-input css-1m9pwf3"
                        name="permissionsCanDelete"
                        type="checkbox"
                      />
                      <span
                        class="MuiSwitch-thumb css-jsexje-MuiSwitch-thumb"
                      />
                      <span
                        class="MuiTouchRipple-root css-8je8zh-MuiTouchRipple-root"
                      />
                    </span>
                    <span
                      class="MuiSwitch-track css-1yjjitx-MuiSwitch-track"
                    />
                  </span>
                  <span
                    class="MuiTypography-root MuiTypography-body1 MuiFormControlLabel-label css-13p0dqt-MuiTypography-root"
                  >
                    Can Delete
                  </span>
                </label>
                <label
                  class="MuiFormControlLabel-root MuiFormControlLabel-labelPlacementEnd css-j204z7-MuiFormControlLabel-root"
                >
                  <span
                    class="MuiSwitch-root MuiSwitch-sizeMedium css-julti5-MuiSwitch-root"
                  >
                    <span
                      class="MuiSwitch-switchBase MuiSwitch-colorPrimary MuiButtonBase-root MuiSwitch-switchBase MuiSwitch-colorPrimary PrivateSwitchBase-root css-z5i0yo-MuiButtonBase-root-MuiSwitch-switchBase"
                    >
                      <input
                        class="MuiSwitch-input PrivateSwitchBase-input css-1m9pwf3"
                        name="permissionsIsAdmin"
                        type="checkbox"
                      />
                      <span
                        class="MuiSwitch-thumb css-jsexje-MuiSwitch-thumb"
                      />
                      <span
                        class="MuiTouchRipple-root css-8je8zh-MuiTouchRipple-root"
                      />
                    </span>
                    <span
                      class="MuiSwitch-track css-1yjjitx-MuiSwitch-track"
                    />
                  </span>
                  <span
                    class="MuiTypography-root MuiTypography-body1 MuiFormControlLabel-label css-13p0dqt-MuiTypography-root"
                  >
                    Is Admin
                  </span>
                </label>
              </div>
            </fieldset>
          </div>
          <div
            class="MuiBox-root css-wpygli"
          >
            <button
              class="MuiButton-root MuiButton-contained MuiButton-containedPrimary MuiButton-sizeMedium MuiButton-containedSizeMedium MuiButtonBase-root  css-xcbv7o-MuiButtonBase-root-MuiButton-root"
              tabindex="0"
              type="submit"
            >
              <span
                class="MuiTouchRipple-root css-8je8zh-MuiTouchRipple-root"
              />
            </button>
          </div>
        </form>
      </div>
    </div>
  </div>
</DocumentFragment>
`;
