// Jest Snapshot v1, https://goo.gl/fbAQLP

exports[`ResetPasswordForm form render unchanged 1`] = `
<DocumentFragment>
  <div
    class="MuiBox-root css-1q1izzo"
  >
    <div
      class="MuiPaper-root MuiPaper-elevation MuiPaper-rounded MuiPaper-elevation5 MuiCard-root css-1sxjyu4-MuiPaper-root-MuiCard-root"
    >
      <div
        class="MuiBox-root css-1qm1lh"
      >
        <h1
          class="MuiTypography-root MuiTypography-h5 css-43s22r-MuiTypography-root"
        >
          Reset password
        </h1>
      </div>
      <form
        class="MuiBox-root css-1u15dwc"
      >
        <div
          class="MuiFormControl-root MuiFormControl-marginNormal MuiFormControl-fullWidth MuiTextField-root css-17vbkzs-MuiFormControl-root-MuiTextField-root"
        >
          <label
            class="MuiInputLabel-root MuiInputLabel-formControl MuiInputLabel-animated MuiInputLabel-outlined MuiFormLabel-root MuiFormLabel-colorPrimary Mui-required css-ip4mx2-MuiFormLabel-root-MuiInputLabel-root"
            data-shrink="false"
          >
            New Password
            <span
              aria-hidden="true"
              class="MuiInputLabel-asterisk MuiFormLabel-asterisk css-b4y4zd-MuiFormLabel-asterisk"
            >
               *
            </span>
          </label>
          <div
            class="MuiOutlinedInput-root MuiInputBase-root MuiInputBase-colorPrimary MuiInputBase-fullWidth MuiInputBase-formControl css-dloxrs-MuiInputBase-root-MuiOutlinedInput-root"
          >
            <input
              aria-invalid="false"
              autocomplete="new-password"
              class="MuiOutlinedInput-input MuiInputBase-input css-1t8l2tu-MuiInputBase-input-MuiOutlinedInput-input"
              name="newPassword"
              required=""
              type="password"
              value=""
            />
            <fieldset
              aria-hidden="true"
              class="MuiOutlinedInput-notchedOutline css-1d3z3hw-MuiOutlinedInput-notchedOutline"
            >
              <legend
                class="css-dhh0px"
              >
                <span>
                  New Password *
                </span>
              </legend>
            </fieldset>
          </div>
        </div>
        <div
          class="MuiFormControl-root MuiFormControl-marginNormal MuiFormControl-fullWidth MuiTextField-root css-17vbkzs-MuiFormControl-root-MuiTextField-root"
        >
          <label
            class="MuiInputLabel-root MuiInputLabel-formControl MuiInputLabel-animated MuiInputLabel-outlined MuiFormLabel-root MuiFormLabel-colorPrimary Mui-required css-ip4mx2-MuiFormLabel-root-MuiInputLabel-root"
            data-shrink="false"
          >
            Confirm New Password
            <span
              aria-hidden="true"
              class="MuiInputLabel-asterisk MuiFormLabel-asterisk css-b4y4zd-MuiFormLabel-asterisk"
            >
               *
            </span>
          </label>
          <div
            class="MuiOutlinedInput-root MuiInputBase-root MuiInputBase-colorPrimary MuiInputBase-fullWidth MuiInputBase-formControl css-dloxrs-MuiInputBase-root-MuiOutlinedInput-root"
          >
            <input
              aria-invalid="false"
              autocomplete="new-password"
              class="MuiOutlinedInput-input MuiInputBase-input css-1t8l2tu-MuiInputBase-input-MuiOutlinedInput-input"
              name="newPasswordConfirm"
              required=""
              type="password"
              value=""
            />
            <fieldset
              aria-hidden="true"
              class="MuiOutlinedInput-notchedOutline css-1d3z3hw-MuiOutlinedInput-notchedOutline"
            >
              <legend
                class="css-dhh0px"
              >
                <span>
                  Confirm New Password *
                </span>
              </legend>
            </fieldset>
          </div>
        </div>
        <button
          class="MuiButton-root MuiButton-contained MuiButton-containedPrimary MuiButton-sizeMedium MuiButton-containedSizeMedium MuiButton-fullWidth MuiButtonBase-root formFullMainColorSubmit css-8gt83u-MuiButtonBase-root-MuiButton-root"
          tabindex="0"
          type="submit"
        >
          <span
            class="MuiTouchRipple-root css-8je8zh-MuiTouchRipple-root"
          />
        </button>
      </form>
    </div>
  </div>
</DocumentFragment>
`;
